WARNING:root:This is my warning log
ERROR:root:This is an error log
INFO:root:This is info log
WARNING:root:This is my warning log
ERROR:root:This is an error log
2023-04-13 12:15:56,251 This is info log
2023-04-13 12:15:56,251 This is my warning log
2023-04-13 12:15:56,251 This is an error log
